DELETE /calendar/v1/{id}
DELETE /calendar/v1/{id}/invitations/{id}
DELETE /calendar/v1/{id}/members/{id}
DELETE /core/v4/labels
DELETE /core/v4/labels/{id}
DELETE /drive/photos/volumes/{id}/albums/{id}
DELETE /drive/photos/volumes/{id}/links/{id}/tags
DELETE /drive/shares/{id}/files/{id}/revisions/{id}
DELETE /drive/shares/{id}/urls/{id}
DELETE /drive/v2/shares/{id}/invitations/{id}
DELETE /drive/v2/shares/{id}/members/{id}
DELETE /drive/volumes/{id}/trash
DELETE /mail/v4/attachments/{id}
DELETE /mail/v4/filters/{id}
DELETE /mail/v4/messages/empty
DELETE /pass/v1/invite/{id}
DELETE /pass/v1/public_link/{id}
DELETE /pass/v1/share/{id}/alias/{id}/contact/{n}
DELETE /pass/v1/share/{id}/invite/{id}
DELETE /pass/v1/share/{id}/item
DELETE /pass/v1/share/{id}/item/{id}/pin
DELETE /pass/v1/share/{id}/user/{id}
DELETE /pass/v1/user/alias/mailbox/{n}
DELETE /pass/v1/vault/{id}
GET /auth/v4/sessions
GET /auth/v4/sessions/local/key
GET /calendar/v1
GET /calendar/v1/events
GET /calendar/v1/invitations
GET /calendar/v1/{id}/alarms
GET /calendar/v1/{id}/events
GET /calendar/v1/{id}/events/{id}
GET /calendar/v1/{id}/invitations
GET /calendar/v1/{id}/members/all
GET /calendar/v1/{id}/settings
GET /calendar/v2/{id}/bootstrap
GET /contacts/v4/contacts/emails
GET /contacts/v4/contacts/export
GET /contacts/v4/contacts/{id}
GET /core/v4/addresses
GET /core/v4/addresses/canonical
GET /core/v4/auth/modulus
GET /core/v4/auth/scopes
GET /core/v4/events/latest
GET /core/v4/keys/all
GET /core/v4/labels
GET /core/v4/settings
GET /core/v4/users
GET /core/v5/events/{id}
GET /drive/me/settings
GET /drive/photos/volumes/{id}/albums
GET /drive/photos/volumes/{id}/albums/{id}/children
GET /drive/shares
GET /drive/shares/{id}
GET /drive/shares/{id}/files/{id}/revisions
GET /drive/shares/{id}/files/{id}/revisions/{id}
GET /drive/shares/{id}/folders/{id}/children
GET /drive/shares/{id}/links/{id}
GET /drive/shares/{id}/links/{id}/revisions/{id}/verification
GET /drive/shares/{id}/urls
GET /drive/v2/shares/invitations
GET /drive/v2/shares/invitations/{id}
GET /drive/v2/shares/{id}/invitations
GET /drive/v2/shares/{id}/members
GET /drive/volumes
GET /drive/volumes/{id}/photos
GET /drive/volumes/{id}/trash
GET /mail/v4/attachments/{id}
GET /mail/v4/conversations
GET /mail/v4/conversations/{id}
GET /mail/v4/filters
GET /mail/v4/filters/{id}
GET /mail/v4/incomingdefaults
GET /mail/v4/messages
GET /mail/v4/messages/{id}
GET /mail/v4/settings
GET /pass/v1/breach
GET /pass/v1/invite
GET /pass/v1/public_link
GET /pass/v1/share
GET /pass/v1/share/{id}/alias/options
GET /pass/v1/share/{id}/alias/{id}
GET /pass/v1/share/{id}/alias/{id}/contact
GET /pass/v1/share/{id}/invite
GET /pass/v1/share/{id}/item
GET /pass/v1/share/{id}/item/{id}
GET /pass/v1/share/{id}/item/{id}/key
GET /pass/v1/share/{id}/item/{id}/key/latest
GET /pass/v1/share/{id}/item/{id}/revision
GET /pass/v1/share/{id}/key
GET /pass/v1/share/{id}/user
GET /pass/v1/share/{id}/user/item/{id}
GET /pass/v1/user/alias/domain
GET /pass/v1/user/alias/mailbox
GET /settings/calendar
POST /calendar/v1
POST /calendar/v1/subscription/validate
POST /calendar/v1/{id}/keys
POST /calendar/v1/{id}/members
POST /contacts/v4/contacts
POST /core/v4/auth/info
POST /core/v4/labels
POST /drive/blocks
POST /drive/photos/volumes/{id}/albums
POST /drive/photos/volumes/{id}/albums/{id}/add-multiple
POST /drive/photos/volumes/{id}/albums/{id}/remove-multiple
POST /drive/photos/volumes/{id}/links/{id}/favorite
POST /drive/shares/{id}/files
POST /drive/shares/{id}/files/{id}/revisions
POST /drive/shares/{id}/files/{id}/revisions/{id}/restore
POST /drive/shares/{id}/folders
POST /drive/shares/{id}/links/fetch_metadata
POST /drive/shares/{id}/links/{id}/checkAvailableHashes
POST /drive/shares/{id}/urls
POST /drive/v2/shares/invitations/{id}/accept
POST /drive/v2/shares/invitations/{id}/reject
POST /drive/v2/shares/{id}/invitations
POST /drive/v2/shares/{id}/invitations/{id}/sendemail
POST /drive/v2/volumes/{id}/trash/delete_multiple
POST /drive/v2/volumes/{id}/trash_multiple
POST /drive/volumes/{id}/links/{id}/copy
POST /drive/volumes/{id}/shares
POST /mail/v4/attachments
POST /mail/v4/filters
POST /mail/v4/incomingdefaults
POST /mail/v4/messages
POST /mail/v4/messages/apply-filters
POST /mail/v4/messages/{id}
POST /mail/v4/messages/{id}/cancel_send
POST /pass/v1/invite/{id}
POST /pass/v1/share/{id}/alias/custom
POST /pass/v1/share/{id}/alias/{id}/contact
POST /pass/v1/share/{id}/alias/{id}/mailbox
POST /pass/v1/share/{id}/invite
POST /pass/v1/share/{id}/item
POST /pass/v1/share/{id}/item/trash
POST /pass/v1/share/{id}/item/untrash
POST /pass/v1/share/{id}/item/{id}/pin
POST /pass/v1/share/{id}/item/{id}/public_link
POST /pass/v1/user/alias/mailbox
POST /pass/v1/vault
PUT /calendar/v1/{id}/events/sync
PUT /calendar/v1/{id}/events/{id}/attendees/{id}
PUT /calendar/v1/{id}/invitations/{id}/accept
PUT /calendar/v1/{id}/invitations/{id}/reject
PUT /calendar/v1/{id}/members/{id}
PUT /calendar/v1/{id}/settings
PUT /contacts/v4/contacts/delete
PUT /contacts/v4/contacts/emails/label
PUT /contacts/v4/contacts/emails/unlabel
PUT /contacts/v4/contacts/{id}
PUT /core/v4/addresses/{id}
PUT /core/v4/labels/{id}
PUT /core/v4/settings/weekstart
PUT /core/v4/users/lock
PUT /core/v4/users/unlock
PUT /drive/photos/volumes/{id}/albums/{id}
PUT /drive/shares/{id}/files/{id}/revisions/{id}
PUT /drive/shares/{id}/links/{id}/move
PUT /drive/shares/{id}/links/{id}/rename
PUT /drive/shares/{id}/urls/{id}
PUT /drive/v2/shares/{id}/invitations/{id}
PUT /drive/v2/shares/{id}/members/{id}
PUT /drive/v2/volumes/{id}/trash/restore_multiple
PUT /mail/v4/conversations/delete
PUT /mail/v4/conversations/label
PUT /mail/v4/conversations/read
PUT /mail/v4/conversations/snooze
PUT /mail/v4/conversations/unlabel
PUT /mail/v4/conversations/unread
PUT /mail/v4/conversations/unsnooze
PUT /mail/v4/filters/order
PUT /mail/v4/filters/{id}
PUT /mail/v4/filters/{id}/disable
PUT /mail/v4/filters/{id}/enable
PUT /mail/v4/incomingdefaults/delete
PUT /mail/v4/messages/delete
PUT /mail/v4/messages/expire
PUT /mail/v4/messages/label
PUT /mail/v4/messages/read
PUT /mail/v4/messages/unlabel
PUT /mail/v4/messages/unread
PUT /mail/v4/messages/{id}
PUT /mail/v4/settings/autoresponder
PUT /mail/v4/settings/viewmode
PUT /pass/v1/share/{id}/alias/{id}/contact/{n}/blocked
PUT /pass/v1/share/{id}/alias/{id}/name
PUT /pass/v1/share/{id}/alias/{id}/status
PUT /pass/v1/share/{id}/item/share
PUT /pass/v1/share/{id}/item/{id}
PUT /pass/v1/share/{id}/user/{id}
PUT /pass/v1/user/alias/settings/default_mailbox_id
PUT /pass/v1/vault/{id}
PUT /pass/v1/vault/{id}/owner
